Importing 'add_integer' from '0-add_integer'...

>>> add_integer = __import__('0-add_integer').add_integer

>>> add_integer(1, 2)
3

>>> add_integer(100, -2)
98

>>> add_integer(2)
100

>>> add_integer('a')
Traceback (most recent call last):
TypeError: a must be an integer

>>> add_integer(4, 'School')
Traceback (most recent call last):
TypeError: b must be an integer

>>> add_integer(4 ** 1000.5)
Traceback (most recent call last):
OverflowError: int too large to convert to float

>>> add_integer(float('nan'))
Traceback (most recent call last):
ValueError: cannot convert float NaN to integer
